[25448:36952:0930/144307.118:WARNING:chrome_main_delegate.cc(745)] This is Chrome version 128.0.6613.138 (not a warning)
[25448:32468:0930/144307.216:ERROR:google_update_settings.cc(265)] Failed opening key Software\Chromium to set usagestats; result: 5
[25448:36952:0930/144307.261:WARNING:account_consistency_mode_manager.cc(77)] Desktop Identity Consistency cannot be enabled as no OAuth client ID and client secret have been configured.
[30488:26128:0930/144312.434:WARNING:frame_impl.cc(430)] virtual CefFrameImpl::SendProcessMessage sent to detached frame 5-CA4306890A89A1556A372AAA5F4A45EF will be ignored
[30172:23220:0930/144314.699:WARNING:codec.cc(525)] Explicitly added H264 constrained baseline to list of supported formats.
[30172:12012:0930/144314.715:WARNING:codec.cc(525)] Explicitly added H264 constrained baseline to list of supported formats.
[30172:12012:0930/144314.715:WARNING:codec.cc(525)] Explicitly added H264 constrained baseline to list of supported formats.
[30172:12012:0930/144314.715:WARNING:codec.cc(525)] Explicitly added H264 constrained baseline to list of supported formats.
[9472:31284:0930/144314.746:WARNING:host_resolver_dns_task.cc(863)] Address list empty after RFC3484 sort
[9472:31284:0930/144314.747:WARNING:host_resolver_dns_task.cc(863)] Address list empty after RFC3484 sort
[9472:31284:0930/144314.747:WARNING:host_resolver_dns_task.cc(863)] Address list empty after RFC3484 sort
[9472:31284:0930/144314.776:ERROR:socket_manager.cc(147)] Failed to resolve address for stun1.l.google.com., errorcode: -105
[9472:31284:0930/144314.776:ERROR:socket_manager.cc(147)] Failed to resolve address for stun1.l.google.com., errorcode: -105
[9472:31284:0930/144314.776:ERROR:socket_manager.cc(147)] Failed to resolve address for stun1.l.google.com., errorcode: -105
[9472:31284:0930/144314.776:ERROR:socket_manager.cc(147)] Failed to resolve address for stun.cloudflare.com., errorcode: -105
[9472:31284:0930/144314.776:ERROR:socket_manager.cc(147)] Failed to resolve address for stun.cloudflare.com., errorcode: -105
[9472:31284:0930/144314.776:ERROR:socket_manager.cc(147)] Failed to resolve address for stun.cloudflare.com., errorcode: -105
[9472:31284:0930/144314.776:ERROR:socket_manager.cc(147)] Failed to resolve address for stun.l.google.com., errorcode: -105
[9472:31284:0930/144314.776:ERROR:socket_manager.cc(147)] Failed to resolve address for stun.l.google.com., errorcode: -105
[9472:31284:0930/144314.776:ERROR:socket_manager.cc(147)] Failed to resolve address for stun.l.google.com., errorcode: -105
[30172:12012:0930/144314.776:WARNING:stun_port.cc(442)] Port[108d400:0:1:0:host:Net[any:0:0:0:x:x:x:x:x/0:Wildcard:id=0]]: StunPort: stun host lookup received error -1
[30172:12012:0930/144314.776:WARNING:stun_port.cc(442)] Port[108dc00:1:1:0:host:Net[any:0:0:0:x:x:x:x:x/0:Wildcard:id=0]]: StunPort: stun host lookup received error -1
[30172:12012:0930/144314.776:WARNING:stun_port.cc(442)] Port[108e400:2:1:0:host:Net[any:0:0:0:x:x:x:x:x/0:Wildcard:id=0]]: StunPort: stun host lookup received error -1
[30172:12012:0930/144314.776:WARNING:stun_port.cc(442)] Port[108d400:0:1:0:host:Net[any:0:0:0:x:x:x:x:x/0:Wildcard:id=0]]: StunPort: stun host lookup received error -1
[30172:12012:0930/144314.776:WARNING:stun_port.cc(442)] Port[108dc00:1:1:0:host:Net[any:0:0:0:x:x:x:x:x/0:Wildcard:id=0]]: StunPort: stun host lookup received error -1
[30172:12012:0930/144314.776:WARNING:stun_port.cc(442)] Port[108e400:2:1:0:host:Net[any:0:0:0:x:x:x:x:x/0:Wildcard:id=0]]: StunPort: stun host lookup received error -1
[30172:12012:0930/144314.777:WARNING:stun_port.cc(442)] Port[108d400:0:1:0:host:Net[any:0:0:0:x:x:x:x:x/0:Wildcard:id=0]]: StunPort: stun host lookup received error -1
[30172:12012:0930/144314.777:WARNING:stun_port.cc(442)] Port[108dc00:1:1:0:host:Net[any:0:0:0:x:x:x:x:x/0:Wildcard:id=0]]: StunPort: stun host lookup received error -1
[30172:12012:0930/144314.777:WARNING:stun_port.cc(442)] Port[108e400:2:1:0:host:Net[any:0:0:0:x:x:x:x:x/0:Wildcard:id=0]]: StunPort: stun host lookup received error -1
[25448:36952:0930/144314.995:WARNING:browser_info.cc(345)] Returning a speculative frame for [8,5]
[25448:36952:0930/144314.995:WARNING:browser_info.cc(345)] Returning a speculative frame for [8,5]
[25448:36952:0930/144314.995:WARNING:browser_info.cc(345)] Returning a speculative frame for [8,5]
[25448:36952:0930/144314.995:WARNING:browser_info.cc(345)] Returning a speculative frame for [8,5]
[25448:20752:0930/144315.339:WARNING:browser_info.cc(345)] Returning a speculative frame for [8,5]
[26584:30848:0930/144317.877:WARNING:codec.cc(525)] Explicitly added H264 constrained baseline to list of supported formats.
[26584:9852:0930/144318.138:WARNING:codec.cc(525)] Explicitly added H264 constrained baseline to list of supported formats.
[26584:9852:0930/144318.138:WARNING:codec.cc(525)] Explicitly added H264 constrained baseline to list of supported formats.
[26584:9852:0930/144318.139:WARNING:codec.cc(525)] Explicitly added H264 constrained baseline to list of supported formats.
[9472:31284:0930/144318.151:WARNING:host_resolver_dns_task.cc(863)] Address list empty after RFC3484 sort
[9472:31284:0930/144318.151:WARNING:host_resolver_dns_task.cc(863)] Address list empty after RFC3484 sort
[9472:31284:0930/144318.151:WARNING:host_resolver_dns_task.cc(863)] Address list empty after RFC3484 sort
[9472:31284:0930/144318.152:ERROR:socket_manager.cc(147)] Failed to resolve address for stun.l.google.com., errorcode: -105
[9472:31284:0930/144318.152:ERROR:socket_manager.cc(147)] Failed to resolve address for stun.l.google.com., errorcode: -105
[9472:31284:0930/144318.152:ERROR:socket_manager.cc(147)] Failed to resolve address for stun.l.google.com., errorcode: -105
[26584:9852:0930/144318.152:WARNING:stun_port.cc(442)] Port[f0f400:0:1:0:host:Net[any:0:0:0:x:x:x:x:x/0:Wildcard:id=0]]: StunPort: stun host lookup received error -1
[9472:31284:0930/144318.154:ERROR:socket_manager.cc(147)] Failed to resolve address for stun1.l.google.com., errorcode: -105
[9472:31284:0930/144318.154:ERROR:socket_manager.cc(147)] Failed to resolve address for stun1.l.google.com., errorcode: -105
[9472:31284:0930/144318.154:ERROR:socket_manager.cc(147)] Failed to resolve address for stun1.l.google.com., errorcode: -105
[9472:31284:0930/144318.154:ERROR:socket_manager.cc(147)] Failed to resolve address for stun.cloudflare.com., errorcode: -105
[9472:31284:0930/144318.154:ERROR:socket_manager.cc(147)] Failed to resolve address for stun.cloudflare.com., errorcode: -105
[9472:31284:0930/144318.154:ERROR:socket_manager.cc(147)] Failed to resolve address for stun.cloudflare.com., errorcode: -105
[26584:9852:0930/144318.154:WARNING:stun_port.cc(442)] Port[128c000:1:1:0:host:Net[any:0:0:0:x:x:x:x:x/0:Wildcard:id=0]]: StunPort: stun host lookup received error -1
[26584:9852:0930/144318.155:WARNING:stun_port.cc(442)] Port[128c400:2:1:0:host:Net[any:0:0:0:x:x:x:x:x/0:Wildcard:id=0]]: StunPort: stun host lookup received error -1
[26584:9852:0930/144318.155:WARNING:stun_port.cc(442)] Port[f0f400:0:1:0:host:Net[any:0:0:0:x:x:x:x:x/0:Wildcard:id=0]]: StunPort: stun host lookup received error -1
[26584:9852:0930/144318.155:WARNING:stun_port.cc(442)] Port[128c000:1:1:0:host:Net[any:0:0:0:x:x:x:x:x/0:Wildcard:id=0]]: StunPort: stun host lookup received error -1
[26584:9852:0930/144318.155:WARNING:stun_port.cc(442)] Port[128c400:2:1:0:host:Net[any:0:0:0:x:x:x:x:x/0:Wildcard:id=0]]: StunPort: stun host lookup received error -1
[26584:9852:0930/144318.155:WARNING:stun_port.cc(442)] Port[f0f400:0:1:0:host:Net[any:0:0:0:x:x:x:x:x/0:Wildcard:id=0]]: StunPort: stun host lookup received error -1
[26584:9852:0930/144318.155:WARNING:stun_port.cc(442)] Port[128c000:1:1:0:host:Net[any:0:0:0:x:x:x:x:x/0:Wildcard:id=0]]: StunPort: stun host lookup received error -1
[26584:9852:0930/144318.155:WARNING:stun_port.cc(442)] Port[128c400:2:1:0:host:Net[any:0:0:0:x:x:x:x:x/0:Wildcard:id=0]]: StunPort: stun host lookup received error -1
[26584:30848:0930/144318.931:WARNING:codec.cc(525)] Explicitly added H264 constrained baseline to list of supported formats.
[25448:36952:0930/144417.595:WARNING:pref_notifier_impl.cc(41)] Pref observer for media_router.cast_allow_all_ips found at shutdown.
